========================================
Campus Hiring Evaluation - Test Script
========================================

[1/2] Testing Vehicle Maintenance Scheduler...
-----------------------------------------------

> vehicle-maintenance-scheduler@1.0.0 dev
> ts-node scheduler.ts

powershell : [Logger] Failed to send log. Status: 401 {
At line:1 char:1
+ powershell -ExecutionPolicy Bypass -File test-all.ps1 2>&1 > test_out ...
+ ~~~~~~~~~~~~~~~~~~~~~~~~~~~~~~~~~~~~~~~~~~~~~~~~~~~~~~~~~~~~~~~~~~~~~
    + CategoryInfo          : NotSpecified: ([Logger] Failed.... Status: 401 { 
   :String) [], RemoteException
    + FullyQualifiedErrorId : NativeCommandError
 
  stack: 'backend',
  level: 'info',
  package: 'service',
  message: 'Vehicle Maintenance Scheduler starting up'
}
[Logger] Failed to send log. Status: 401 {
  stack: 'backend',
  level: 'info',
  package: 'service',
  message: 'Fetching depots from evaluation service'
}
[Logger] Failed to send log. Status: 401 {
  stack: 'backend',
  level: 'info',
  package: 'service',
  message: 'Fetching vehicles from evaluation service'
}
[Logger] Failed to send log. Status: 401 {
  stack: 'backend',
  level: 'error',
  package: 'service',
  message: 'Failed to fetch depots - status: 401'
}
[Logger] Failed to send log. Status: 401 {
  stack: 'backend',
  level: 'error',
  package: 'service',
  message: 'Failed to fetch vehicles - status: 401'
}
[Logger] Failed to send log. Status: 401 {
  stack: 'backend',
  level: 'fatal',
  package: 'service',
  message: 'Scheduler crashed: Depots fetch failed: 401'
}


[2/2] Testing Priority Inbox...
-----------------------------------------------

> notification-app-be@1.0.0 priority-inbox
> ts-node priority_inbox.ts

[Logger] Failed to send log. Status: 401 {
  stack: 'backend',
  level: 'info',
  package: 'service',
  message: 'Priority Inbox starting - fetching top 10 notifications'
}
[Logger] Failed to send log. Status: 401 {
  stack: 'backend',
  level: 'info',
  package: 'service',
  message: 'Fetching notifications for priority inbox'
}
[Logger] Failed to send log. Status: 401 {
  stack: 'backend',
  level: 'error',
  package: 'service',
  message: 'Failed to fetch notifications - status: 401'
}
[Logger] Failed to send log. Status: 401 {
  stack: 'backend',
  level: 'fatal',
  package: 'service',
  message: 'Priority Inbox crashed: Notifications fetch failed: 401'
}

========================================
Test Results
========================================
[FAIL] Vehicle Maintenance Scheduler: FAILED (Exit Code: 1)
[FAIL] Priority Inbox: FAILED (Exit Code: 1)

